--- DENTIST UPCOMING DEBUG ---
Email: prachi.swarnim@gmail.com
Generated Name: Dr. Prachi Swarnim
Today Start (UTC): 2025-12-27 00:00:00+00:00
Today End (UTC): 2025-12-28 00:00:00+00:00
--- DENTIST UPCOMING DEBUG ---
Email: prachi.swarnim@gmail.com
Generated Name: Dr. Prachi Swarnim
Today Start (UTC): 2025-12-27 00:00:00+00:00
Today End (UTC): 2025-12-28 00:00:00+00:00
--- DENTIST UPCOMING DEBUG ---
Email: prachi.swarnim@gmail.com
Generated Name: Dr. Prachi Swarnim
Today Start (UTC): 2025-12-27 00:00:00+00:00
Today End (UTC): 2025-12-28 00:00:00+00:00
--- DENTIST UPCOMING DEBUG ---
Email: prachi.swarnim@gmail.com
Generated Name: Dr. Prachi Swarnim
Today Start (UTC): 2025-12-27 00:00:00+00:00
Today End (UTC): 2025-12-28 00:00:00+00:00
--- DENTIST UPCOMING DEBUG ---
Email: prachi.swarnim@gmail.com
Generated Name: Dr. Prachi Swarnim
Today Start (UTC): 2025-12-27 00:00:00+00:00
Today End (UTC): 2025-12-28 00:00:00+00:00
--- DENTIST UPCOMING DEBUG ---
Email: prachi.swarnim@gmail.com
Generated Name: Dr. Prachi Swarnim
Today Start (UTC): 2025-12-27 00:00:00+00:00
Today End (UTC): 2025-12-28 00:00:00+00:00
--- DENTIST UPCOMING DEBUG ---
Email: prachi.swarnim@gmail.com
Generated Name: Dr. Prachi Swarnim
Today Start (UTC): 2025-12-27 00:00:00+00:00
Today End (UTC): 2025-12-28 00:00:00+00:00
--- DENTIST UPCOMING DEBUG ---
Email: prachi.swarnim@gmail.com
Generated Name: Dr. Prachi Swarnim
Today Start (UTC): 2025-12-27 00:00:00+00:00
Today End (UTC): 2025-12-28 00:00:00+00:00
--- DENTIST UPCOMING DEBUG ---
Email: prachi.swarnim@gmail.com
Generated Name: Dr. Prachi Swarnim
Today Start (UTC): 2025-12-27 00:00:00+00:00
Today End (UTC): 2025-12-28 00:00:00+00:00
--- DENTIST UPCOMING DEBUG ---
Email: prachi.swarnim@gmail.com
Generated Name: Dr. Prachi Swarnim
Today Start (UTC): 2025-12-27 00:00:00+00:00
Today End (UTC): 2025-12-28 00:00:00+00:00
--- DENTIST UPCOMING DEBUG ---
Email: prachi.swarnim@gmail.com
Generated Name: Dr. Prachi Swarnim
Today Start (UTC): 2026-01-02 00:00:00+00:00
Today End (UTC): 2026-01-03 00:00:00+00:00
--- DENTIST UPCOMING DEBUG ---
Email: prachi.swarnim@gmail.com
Generated Name: Dr. Prachi Swarnim
Today Start (UTC): 2026-01-02 00:00:00+00:00
Today End (UTC): 2026-01-03 00:00:00+00:00
--- DENTIST UPCOMING DEBUG ---
Email: prachi.swarnim@gmail.com
Generated Name: Dr. Prachi Swarnim
Today Start (UTC): 2026-01-02 00:00:00+00:00
Today End (UTC): 2026-01-03 00:00:00+00:00
--- DENTIST UPCOMING DEBUG ---
Email: prachi.swarnim@gmail.com
Generated Name: Dr. Prachi Swarnim
Today Start (UTC): 2026-01-02 00:00:00+00:00
Today End (UTC): 2026-01-03 00:00:00+00:00
--- DENTIST UPCOMING DEBUG ---
Email: prachi.swarnim@gmail.com
Generated Name: Dr. Prachi Swarnim
Today Start (UTC): 2026-01-02 00:00:00+00:00
Today End (UTC): 2026-01-03 00:00:00+00:00
--- DENTIST UPCOMING DEBUG ---
Email: prachi.swarnim@gmail.com
Generated Name: Dr. Prachi Swarnim
Today Start (UTC): 2026-01-02 00:00:00+00:00
Today End (UTC): 2026-01-03 00:00:00+00:00
--- DENTIST UPCOMING DEBUG ---
Email: prachi.swarnim@gmail.com
Generated Name: Dr. Prachi Swarnim
Today Start (UTC): 2026-01-02 00:00:00+00:00
Today End (UTC): 2026-01-03 00:00:00+00:00
--- DENTIST UPCOMING DEBUG ---
Email: prachi.swarnim@gmail.com
Generated Name: Dr. Prachi Swarnim
Today Start (UTC): 2026-01-02 00:00:00+00:00
Today End (UTC): 2026-01-03 00:00:00+00:00
--- DENTIST UPCOMING DEBUG ---
Email: prachi.swarnim@gmail.com
Generated Name: Dr. Prachi Swarnim
Today Start (UTC): 2026-01-02 00:00:00+00:00
Today End (UTC): 2026-01-03 00:00:00+00:00
--- DENTIST UPCOMING DEBUG ---
Email: prachi.swarnim@gmail.com
Generated Name: Dr. Prachi Swarnim
Today Start (UTC): 2026-01-02 00:00:00+00:00
Today End (UTC): 2026-01-03 00:00:00+00:00
--- DENTIST UPCOMING DEBUG ---
Email: prachi.swarnim@gmail.com
Generated Name: Dr. Prachi Swarnim
Today Start (UTC): 2026-01-02 00:00:00+00:00
Today End (UTC): 2026-01-03 00:00:00+00:00
--- DENTIST UPCOMING DEBUG ---
Email: prachi.swarnim@gmail.com
Generated Name: Dr. Prachi Swarnim
Today Start (UTC): 2026-01-02 00:00:00+00:00
Today End (UTC): 2026-01-03 00:00:00+00:00
--- DENTIST UPCOMING DEBUG ---
Email: prachi.swarnim@gmail.com
Generated Name: Dr. Prachi Swarnim
Today Start (UTC): 2026-01-02 00:00:00+00:00
Today End (UTC): 2026-01-03 00:00:00+00:00
--- DENTIST UPCOMING DEBUG ---
Email: prachi.swarnim@gmail.com
Generated Name: Dr. Prachi Swarnim
Today Start (UTC): 2026-01-02 00:00:00+00:00
Today End (UTC): 2026-01-03 00:00:00+00:00
--- DENTIST UPCOMING DEBUG ---
Email: prachi.swarnim@gmail.com
Generated Name: Dr. Prachi Swarnim
Today Start (UTC): 2026-01-02 00:00:00+00:00
Today End (UTC): 2026-01-03 00:00:00+00:00
--- DENTIST UPCOMING DEBUG ---
Email: prachi.swarnim@gmail.com
Generated Name: Dr. Prachi Swarnim
Today Start (UTC): 2026-01-02 00:00:00+00:00
Today End (UTC): 2026-01-03 00:00:00+00:00
--- DENTIST UPCOMING DEBUG ---
Email: prachi.swarnim@gmail.com
Generated Name: Dr. Prachi Swarnim
Today Start (UTC): 2026-01-02 00:00:00+00:00
Today End (UTC): 2026-01-03 00:00:00+00:00
--- DENTIST UPCOMING DEBUG ---
Email: prachi.swarnim@gmail.com
Generated Name: Dr. Prachi Swarnim
Today Start (UTC): 2026-01-02 00:00:00+00:00
Today End (UTC): 2026-01-03 00:00:00+00:00
--- DENTIST UPCOMING DEBUG ---
Email: prachi.swarnim@gmail.com
Generated Name: Dr. Prachi Swarnim
Today Start (UTC): 2026-01-03 00:00:00+00:00
Today End (UTC): 2026-01-04 00:00:00+00:00
--- DENTIST UPCOMING DEBUG ---
Email: prachi.swarnim@gmail.com
Generated Name: Dr. Prachi Swarnim
Today Start (UTC): 2026-01-03 00:00:00+00:00
Today End (UTC): 2026-01-04 00:00:00+00:00
--- DENTIST UPCOMING DEBUG ---
Email: prachi.swarnim@gmail.com
Generated Name: Dr. Prachi Swarnim
Today Start (UTC): 2026-01-03 00:00:00+00:00
Today End (UTC): 2026-01-04 00:00:00+00:00
--- DENTIST UPCOMING DEBUG ---
Email: prachi.swarnim@gmail.com
Generated Name: Dr. Prachi Swarnim
Today Start (UTC): 2026-01-03 00:00:00+00:00
Today End (UTC): 2026-01-04 00:00:00+00:00
--- DENTIST UPCOMING DEBUG ---
Email: prachi.swarnim@gmail.com
Generated Name: Dr. Prachi Swarnim
Today Start (UTC): 2026-01-03 00:00:00+00:00
Today End (UTC): 2026-01-04 00:00:00+00:00
--- DENTIST UPCOMING DEBUG ---
Email: prachi.swarnim@gmail.com
Generated Name: Dr. Prachi Swarnim
Today Start (UTC): 2026-01-03 00:00:00+00:00
Today End (UTC): 2026-01-04 00:00:00+00:00
--- DENTIST UPCOMING DEBUG ---
Email: prachi.swarnim@gmail.com
Generated Name: Dr. Prachi Swarnim
Today Start (UTC): 2026-01-03 00:00:00+00:00
Today End (UTC): 2026-01-04 00:00:00+00:00
--- DENTIST UPCOMING DEBUG ---
Email: prachi.swarnim@gmail.com
Generated Name: Dr. Prachi Swarnim
Today Start (UTC): 2026-01-03 00:00:00+00:00
Today End (UTC): 2026-01-04 00:00:00+00:00
--- DENTIST UPCOMING DEBUG ---
Email: prachi.swarnim@gmail.com
Generated Name: Dr. Prachi Swarnim
Today Start (UTC): 2026-01-04 00:00:00+00:00
Today End (UTC): 2026-01-05 00:00:00+00:00
--- DENTIST UPCOMING DEBUG ---
Email: prachi.swarnim@gmail.com
Generated Name: Dr. Prachi Swarnim
Today Start (UTC): 2026-01-04 00:00:00+00:00
Today End (UTC): 2026-01-05 00:00:00+00:00
--- DENTIST UPCOMING DEBUG ---
Email: prachi.swarnim@gmail.com
Generated Name: Dr. Prachi Swarnim
Today Start (UTC): 2026-01-04 00:00:00+00:00
Today End (UTC): 2026-01-05 00:00:00+00:00
--- DENTIST UPCOMING DEBUG ---
Email: prachi.swarnim@gmail.com
Generated Name: Dr. Prachi Swarnim
Today Start (UTC): 2026-01-04 00:00:00+00:00
Today End (UTC): 2026-01-05 00:00:00+00:00
--- DENTIST UPCOMING DEBUG ---
Email: prachi.swarnim@gmail.com
Generated Name: Dr. Prachi Swarnim
Today Start (UTC): 2026-01-04 00:00:00+00:00
Today End (UTC): 2026-01-05 00:00:00+00:00
--- DENTIST UPCOMING DEBUG ---
Email: prachi.swarnim@gmail.com
Generated Name: Dr. Prachi Swarnim
Today Start (UTC): 2026-01-04 00:00:00+00:00
Today End (UTC): 2026-01-05 00:00:00+00:00
--- DENTIST UPCOMING DEBUG ---
Email: prachi.swarnim@gmail.com
Generated Name: Dr. Prachi Swarnim
Today Start (UTC): 2026-01-04 00:00:00+00:00
Today End (UTC): 2026-01-05 00:00:00+00:00
--- DENTIST UPCOMING DEBUG ---
Email: prachi.swarnim@gmail.com
Generated Name: Dr. Prachi Swarnim
Today Start (UTC): 2026-01-04 00:00:00+00:00
Today End (UTC): 2026-01-05 00:00:00+00:00
--- DENTIST UPCOMING DEBUG ---
Email: prachi.swarnim@gmail.com
Generated Name: Dr. Prachi Swarnim
Today Start (UTC): 2026-01-04 00:00:00+00:00
Today End (UTC): 2026-01-05 00:00:00+00:00
--- DENTIST UPCOMING DEBUG ---
Email: prachi.swarnim@gmail.com
Generated Name: Dr. Prachi Swarnim
Today Start (UTC): 2026-01-04 00:00:00+00:00
Today End (UTC): 2026-01-05 00:00:00+00:00
--- DENTIST UPCOMING DEBUG ---
Email: prachi.swarnim@gmail.com
Generated Name: Dr. Prachi Swarnim
Today Start (UTC): 2026-01-04 00:00:00+00:00
Today End (UTC): 2026-01-05 00:00:00+00:00
--- DENTIST UPCOMING DEBUG ---
Email: prachi.swarnim@gmail.com
Generated Name: Dr. Prachi Swarnim
Today Start (UTC): 2026-01-04 00:00:00+00:00
Today End (UTC): 2026-01-05 00:00:00+00:00
--- DENTIST UPCOMING DEBUG ---
Email: prachi.swarnim@gmail.com
Generated Name: Dr. Prachi Swarnim
Today Start (UTC): 2026-01-04 00:00:00+00:00
Today End (UTC): 2026-01-05 00:00:00+00:00
--- DENTIST UPCOMING DEBUG ---
Email: prachi.swarnim@gmail.com
Generated Name: Dr. Prachi Swarnim
Today Start (UTC): 2026-01-04 00:00:00+00:00
Today End (UTC): 2026-01-05 00:00:00+00:00
--- DENTIST UPCOMING DEBUG ---
Email: prachi.swarnim@gmail.com
Generated Name: Dr. Prachi Swarnim
Today Start (UTC): 2026-01-04 00:00:00+00:00
Today End (UTC): 2026-01-05 00:00:00+00:00
--- DENTIST UPCOMING DEBUG ---
Email: prachi.swarnim@gmail.com
Generated Name: Dr. Prachi Swarnim
Today Start (UTC): 2026-01-04 00:00:00+00:00
Today End (UTC): 2026-01-05 00:00:00+00:00
--- DENTIST UPCOMING DEBUG ---
Email: prachi.swarnim@gmail.com
Generated Name: Dr. Prachi Swarnim
Today Start (UTC): 2026-01-04 00:00:00+00:00
Today End (UTC): 2026-01-05 00:00:00+00:00
--- DENTIST UPCOMING DEBUG ---
Email: prachi.swarnim@gmail.com
Generated Name: Dr. Prachi Swarnim
Today Start (UTC): 2026-01-04 00:00:00+00:00
Today End (UTC): 2026-01-05 00:00:00+00:00
--- DENTIST UPCOMING DEBUG ---
Email: prachi.swarnim@gmail.com
Generated Name: Dr. Prachi Swarnim
Today Start (UTC): 2026-01-04 00:00:00+00:00
Today End (UTC): 2026-01-05 00:00:00+00:00
--- DENTIST UPCOMING DEBUG ---
Email: prachi.swarnim@gmail.com
Generated Name: Dr. Prachi Swarnim
Today Start (UTC): 2026-01-04 00:00:00+00:00
Today End (UTC): 2026-01-05 00:00:00+00:00
--- DENTIST UPCOMING DEBUG ---
Email: prachi.swarnim@gmail.com
Generated Name: Dr. Prachi Swarnim
Today Start (UTC): 2026-01-04 00:00:00+00:00
Today End (UTC): 2026-01-05 00:00:00+00:00
--- DENTIST UPCOMING DEBUG ---
Email: prachi.swarnim@gmail.com
Generated Name: Dr. Prachi Swarnim
Today Start (UTC): 2026-01-04 00:00:00+00:00
Today End (UTC): 2026-01-05 00:00:00+00:00
--- DENTIST UPCOMING DEBUG ---
Email: prachi.swarnim@gmail.com
Generated Name: Dr. Prachi Swarnim
Today Start (UTC): 2026-01-04 00:00:00+00:00
Today End (UTC): 2026-01-05 00:00:00+00:00
--- DENTIST UPCOMING DEBUG ---
Email: prachi.swarnim@gmail.com
Generated Name: Dr. Prachi Swarnim
Today Start (UTC): 2026-01-04 00:00:00+00:00
Today End (UTC): 2026-01-05 00:00:00+00:00
--- DENTIST UPCOMING DEBUG ---
Email: prachi.swarnim@gmail.com
Generated Name: Dr. Prachi Swarnim
Today Start (UTC): 2026-01-04 00:00:00+00:00
Today End (UTC): 2026-01-05 00:00:00+00:00
--- DENTIST UPCOMING DEBUG ---
Email: prachi.swarnim@gmail.com
Generated Name: Dr. Prachi Swarnim
Today Start (UTC): 2026-01-04 00:00:00+00:00
Today End (UTC): 2026-01-05 00:00:00+00:00
--- DENTIST UPCOMING DEBUG ---
Email: prachi.swarnim@gmail.com
Generated Name: Dr. Prachi Swarnim
Today Start (UTC): 2026-01-04 00:00:00+00:00
Today End (UTC): 2026-01-05 00:00:00+00:00
--- DENTIST UPCOMING DEBUG ---
Email: prachi.swarnim@gmail.com
Generated Name: Dr. Prachi Swarnim
Today Start (UTC): 2026-01-04 00:00:00+00:00
Today End (UTC): 2026-01-05 00:00:00+00:00
--- DENTIST UPCOMING DEBUG ---
Email: prachi.swarnim@gmail.com
Generated Name: Dr. Prachi Swarnim
Today Start (UTC): 2026-01-04 00:00:00+00:00
Today End (UTC): 2026-01-05 00:00:00+00:00
--- DENTIST UPCOMING DEBUG ---
Email: prachi.swarnim@gmail.com
Generated Name: Dr. Prachi Swarnim
Today Start (UTC): 2026-01-04 00:00:00+00:00
Today End (UTC): 2026-01-05 00:00:00+00:00
--- DENTIST UPCOMING DEBUG ---
Email: prachi.swarnim@gmail.com
Generated Name: Dr. Prachi Swarnim
Today Start (UTC): 2026-01-04 00:00:00+00:00
Today End (UTC): 2026-01-05 00:00:00+00:00
--- DENTIST UPCOMING DEBUG ---
Email: prachi.swarnim@gmail.com
Generated Name: Dr. Prachi Swarnim
Today Start (UTC): 2026-01-04 00:00:00+00:00
Today End (UTC): 2026-01-05 00:00:00+00:00
--- DENTIST UPCOMING DEBUG ---
Email: prachi.swarnim@gmail.com
Generated Name: Dr. Prachi Swarnim
Today Start (UTC): 2026-01-05 00:00:00+00:00
Today End (UTC): 2026-01-06 00:00:00+00:00
--- DENTIST UPCOMING DEBUG ---
Email: prachi.swarnim@gmail.com
Generated Name: Dr. Prachi Swarnim
Today Start (UTC): 2026-01-05 00:00:00+00:00
Today End (UTC): 2026-01-06 00:00:00+00:00
--- DENTIST UPCOMING DEBUG ---
Email: prachi.swarnim@gmail.com
Generated Name: Dr. Prachi Swarnim
Today Start (UTC): 2026-01-05 00:00:00+00:00
Today End (UTC): 2026-01-06 00:00:00+00:00
--- DENTIST UPCOMING DEBUG ---
Email: prachi.swarnim@gmail.com
Generated Name: Dr. Prachi Swarnim
Today Start (UTC): 2026-01-05 00:00:00+00:00
Today End (UTC): 2026-01-06 00:00:00+00:00
--- DENTIST UPCOMING DEBUG ---
Email: prachi.swarnim@gmail.com
Generated Name: Dr. Prachi Swarnim
Today Start (UTC): 2026-01-05 00:00:00+00:00
Today End (UTC): 2026-01-06 00:00:00+00:00
--- DENTIST UPCOMING DEBUG ---
Email: prachi.swarnim@gmail.com
Generated Name: Dr. Prachi Swarnim
Today Start (UTC): 2026-01-05 00:00:00+00:00
Today End (UTC): 2026-01-06 00:00:00+00:00
--- DENTIST UPCOMING DEBUG ---
Email: prachi.swarnim@gmail.com
Generated Name: Dr. Prachi Swarnim
Today Start (UTC): 2026-01-05 00:00:00+00:00
Today End (UTC): 2026-01-06 00:00:00+00:00
--- DENTIST UPCOMING DEBUG ---
Email: prachi.swarnim@gmail.com
Generated Name: Dr. Prachi Swarnim
Today Start (UTC): 2026-01-05 00:00:00+00:00
Today End (UTC): 2026-01-06 00:00:00+00:00
--- DENTIST UPCOMING DEBUG ---
Email: prachi.swarnim@gmail.com
Generated Name: Dr. Prachi Swarnim
Today Start (UTC): 2026-01-05 00:00:00+00:00
Today End (UTC): 2026-01-06 00:00:00+00:00
--- DENTIST UPCOMING DEBUG ---
Email: prachi.swarnim@gmail.com
Generated Name: Dr. Prachi Swarnim
Today Start (UTC): 2026-01-05 00:00:00+00:00
Today End (UTC): 2026-01-06 00:00:00+00:00
--- DENTIST UPCOMING DEBUG ---
Email: prachi.swarnim@gmail.com
Generated Name: Dr. Prachi Swarnim
Today Start (UTC): 2026-01-05 00:00:00+00:00
Today End (UTC): 2026-01-06 00:00:00+00:00
--- DENTIST UPCOMING DEBUG ---
Email: prachi.swarnim@gmail.com
Generated Name: Dr. Prachi Swarnim
Today Start (UTC): 2026-01-05 00:00:00+00:00
Today End (UTC): 2026-01-06 00:00:00+00:00
--- DENTIST UPCOMING DEBUG ---
Email: prachi.swarnim@gmail.com
Generated Name: Dr. Prachi Swarnim
Today Start (UTC): 2026-01-05 00:00:00+00:00
Today End (UTC): 2026-01-06 00:00:00+00:00
--- DENTIST UPCOMING DEBUG ---
Email: prachi.swarnim@gmail.com
Generated Name: Dr. Prachi Swarnim
Today Start (UTC): 2026-01-05 00:00:00+00:00
Today End (UTC): 2026-01-06 00:00:00+00:00
--- DENTIST UPCOMING DEBUG ---
Email: prachi.swarnim@gmail.com
Generated Name: Dr. Prachi Swarnim
Today Start (UTC): 2026-01-05 00:00:00+00:00
Today End (UTC): 2026-01-06 00:00:00+00:00
--- DENTIST UPCOMING DEBUG ---
Email: prachi.swarnim@gmail.com
Generated Name: Dr. Prachi Swarnim
Today Start (UTC): 2026-01-05 00:00:00+00:00
Today End (UTC): 2026-01-06 00:00:00+00:00
--- DENTIST UPCOMING DEBUG ---
Email: prachi.swarnim@gmail.com
Generated Name: Dr. Prachi Swarnim
Today Start (UTC): 2026-01-05 00:00:00+00:00
Today End (UTC): 2026-01-06 00:00:00+00:00
--- DENTIST UPCOMING DEBUG ---
Email: prachi.swarnim@gmail.com
Generated Name: Dr. Prachi Swarnim
Today Start (UTC): 2026-01-05 00:00:00+00:00
Today End (UTC): 2026-01-06 00:00:00+00:00
--- DENTIST UPCOMING DEBUG ---
Email: prachi.swarnim@gmail.com
Generated Name: Dr. Prachi Swarnim
Today Start (UTC): 2026-01-05 00:00:00+00:00
Today End (UTC): 2026-01-06 00:00:00+00:00
--- DENTIST UPCOMING DEBUG ---
Email: prachi.swarnim@gmail.com
Generated Name: Dr. Prachi Swarnim
Today Start (UTC): 2026-01-05 00:00:00+00:00
Today End (UTC): 2026-01-06 00:00:00+00:00
--- DENTIST UPCOMING DEBUG ---
Email: prachi.swarnim@gmail.com
Generated Name: Dr. Prachi Swarnim
Today Start (UTC): 2026-01-05 00:00:00+00:00
Today End (UTC): 2026-01-06 00:00:00+00:00
--- DENTIST UPCOMING DEBUG ---
Email: prachi.swarnim@gmail.com
Generated Name: Dr. Prachi Swarnim
Today Start (UTC): 2026-01-05 00:00:00+00:00
Today End (UTC): 2026-01-06 00:00:00+00:00
--- DENTIST UPCOMING DEBUG ---
Email: prachi.swarnim@gmail.com
Generated Name: Dr. Prachi Swarnim
Today Start (UTC): 2026-01-05 00:00:00+00:00
Today End (UTC): 2026-01-06 00:00:00+00:00
--- DENTIST UPCOMING DEBUG ---
Email: prachi.swarnim@gmail.com
Generated Name: Dr. Prachi Swarnim
Today Start (UTC): 2026-01-05 00:00:00+00:00
Today End (UTC): 2026-01-06 00:00:00+00:00
--- DENTIST UPCOMING DEBUG ---
Email: prachi.swarnim@gmail.com
Generated Name: Dr. Prachi Swarnim
Today Start (UTC): 2026-01-05 00:00:00+00:00
Today End (UTC): 2026-01-06 00:00:00+00:00
--- DENTIST UPCOMING DEBUG ---
Email: prachi.swarnim@gmail.com
Generated Name: Dr. Prachi Swarnim
Today Start (UTC): 2026-01-05 00:00:00+00:00
Today End (UTC): 2026-01-06 00:00:00+00:00
--- DENTIST UPCOMING DEBUG ---
Email: prachi.swarnim@gmail.com
Generated Name: Dr. Prachi Swarnim
Today Start (UTC): 2026-01-05 00:00:00+00:00
Today End (UTC): 2026-01-06 00:00:00+00:00
--- DENTIST UPCOMING DEBUG ---
Email: prachi.swarnim@gmail.com
Generated Name: Dr. Prachi Swarnim
Today Start (UTC): 2026-01-05 00:00:00+00:00
Today End (UTC): 2026-01-06 00:00:00+00:00
--- DENTIST UPCOMING DEBUG ---
Email: prachi.swarnim@gmail.com
Generated Name: Dr. Prachi Swarnim
Today Start (UTC): 2026-01-05 00:00:00+00:00
Today End (UTC): 2026-01-06 00:00:00+00:00
--- DENTIST UPCOMING DEBUG ---
Email: prachi.swarnim@gmail.com
Generated Name: Dr. Prachi Swarnim
Today Start (UTC): 2026-01-05 00:00:00+00:00
Today End (UTC): 2026-01-06 00:00:00+00:00
--- DENTIST UPCOMING DEBUG ---
Email: prachi.swarnim@gmail.com
Generated Name: Dr. Prachi Swarnim
Today Start (UTC): 2026-01-05 00:00:00+00:00
Today End (UTC): 2026-01-06 00:00:00+00:00
--- DENTIST UPCOMING DEBUG ---
Email: prachi.swarnim@gmail.com
Generated Name: Dr. Prachi Swarnim
Today Start (UTC): 2026-01-05 00:00:00+00:00
Today End (UTC): 2026-01-06 00:00:00+00:00
--- DENTIST UPCOMING DEBUG ---
Email: prachi.swarnim@gmail.com
Generated Name: Dr. Prachi Swarnim
Today Start (UTC): 2026-01-05 00:00:00+00:00
Today End (UTC): 2026-01-06 00:00:00+00:00
--- DENTIST UPCOMING DEBUG ---
Email: prachi.swarnim@gmail.com
Generated Name: Dr. Prachi Swarnim
Today Start (UTC): 2026-01-05 00:00:00+00:00
Today End (UTC): 2026-01-06 00:00:00+00:00
--- DENTIST UPCOMING DEBUG ---
Email: prachi.swarnim@gmail.com
Generated Name: Dr. Prachi Swarnim
Today Start (UTC): 2026-01-05 00:00:00+00:00
Today End (UTC): 2026-01-06 00:00:00+00:00
--- DENTIST UPCOMING DEBUG ---
Email: prachi.swarnim@gmail.com
Generated Name: Dr. Prachi Swarnim
Today Start (UTC): 2026-01-05 00:00:00+00:00
Today End (UTC): 2026-01-06 00:00:00+00:00
--- DENTIST UPCOMING DEBUG ---
Email: prachi.swarnim@gmail.com
Generated Name: Dr. Prachi Swarnim
Today Start (UTC): 2026-01-05 00:00:00+00:00
Today End (UTC): 2026-01-06 00:00:00+00:00
--- DENTIST UPCOMING DEBUG ---
Email: prachi.swarnim@gmail.com
Generated Name: Dr. Prachi Swarnim
Today Start (UTC): 2026-01-05 00:00:00+00:00
Today End (UTC): 2026-01-06 00:00:00+00:00
--- DENTIST UPCOMING DEBUG ---
Email: prachi.swarnim@gmail.com
Generated Name: Dr. Prachi Swarnim
Today Start (UTC): 2026-01-05 00:00:00+00:00
Today End (UTC): 2026-01-06 00:00:00+00:00
--- DENTIST UPCOMING DEBUG ---
Email: prachi.swarnim@gmail.com
Generated Name: Dr. Prachi Swarnim
Today Start (UTC): 2026-01-05 00:00:00+00:00
Today End (UTC): 2026-01-06 00:00:00+00:00
--- DENTIST UPCOMING DEBUG ---
Email: prachi.swarnim@gmail.com
Generated Name: Dr. Prachi Swarnim
Today Start (UTC): 2026-01-05 00:00:00+00:00
Today End (UTC): 2026-01-06 00:00:00+00:00
--- DENTIST UPCOMING DEBUG ---
Email: prachi.swarnim@gmail.com
Generated Name: Dr. Prachi Swarnim
Today Start (UTC): 2026-01-05 00:00:00+00:00
Today End (UTC): 2026-01-06 00:00:00+00:00
--- DENTIST UPCOMING DEBUG ---
Email: prachi.swarnim@gmail.com
Generated Name: Dr. Prachi Swarnim
Today Start (UTC): 2026-01-06 00:00:00+05:30
Today End (UTC): 2026-01-07 00:00:00+05:30
--- DENTIST UPCOMING DEBUG ---
Email: prachi.swarnim@gmail.com
Generated Name: Dr. Prachi Swarnim
Today Start (UTC): 2026-01-06 00:00:00+05:30
Today End (UTC): 2026-01-07 00:00:00+05:30
--- DENTIST UPCOMING DEBUG ---
Email: prachi.swarnim@gmail.com
Generated Name: Dr. Prachi Swarnim
Today Start (UTC): 2026-01-06 00:00:00+05:30
Today End (UTC): 2026-01-07 00:00:00+05:30
--- DENTIST UPCOMING DEBUG ---
Email: prachi.swarnim@gmail.com
Generated Name: Dr. Prachi Swarnim
Today Start (UTC): 2026-01-06 00:00:00+05:30
Today End (UTC): 2026-01-07 00:00:00+05:30
--- DENTIST UPCOMING DEBUG ---
Email: prachi.swarnim@gmail.com
Generated Name: Dr. Prachi Swarnim
Today Start (UTC): 2026-01-06 00:00:00+05:30
Today End (UTC): 2026-01-07 00:00:00+05:30
--- DENTIST UPCOMING DEBUG ---
Email: prachi.swarnim@gmail.com
Generated Name: Dr. Prachi Swarnim
Today Start (UTC): 2026-01-06 00:00:00+05:30
Today End (UTC): 2026-01-07 00:00:00+05:30
--- DENTIST UPCOMING DEBUG ---
Email: prachi.swarnim@gmail.com
Generated Name: Dr. Prachi Swarnim
Today Start (UTC): 2026-01-06 00:00:00+05:30
Today End (UTC): 2026-01-07 00:00:00+05:30
--- DENTIST UPCOMING DEBUG ---
Email: prachi.swarnim@gmail.com
Generated Name: Dr. Prachi Swarnim
Today Start (UTC): 2026-01-06 00:00:00+05:30
Today End (UTC): 2026-01-07 00:00:00+05:30
--- DENTIST UPCOMING DEBUG ---
Email: prachi.swarnim@gmail.com
Generated Name: Dr. Prachi Swarnim
Today Start (UTC): 2026-01-06 00:00:00+05:30
Today End (UTC): 2026-01-07 00:00:00+05:30
--- DENTIST UPCOMING DEBUG ---
Email: prachi.swarnim@gmail.com
Generated Name: Dr. Prachi Swarnim
Today Start (UTC): 2026-01-06 00:00:00+05:30
Today End (UTC): 2026-01-07 00:00:00+05:30
--- DENTIST UPCOMING DEBUG ---
Email: prachi.swarnim@gmail.com
Generated Name: Dr. Prachi Swarnim
Today Start (UTC): 2026-01-06 00:00:00+05:30
Today End (UTC): 2026-01-07 00:00:00+05:30
--- DENTIST UPCOMING DEBUG ---
Email: prachi.swarnim@gmail.com
Generated Name: Dr. Prachi Swarnim
Today Start (UTC): 2026-01-06 00:00:00+05:30
Today End (UTC): 2026-01-07 00:00:00+05:30
--- DENTIST UPCOMING DEBUG ---
Email: prachi.swarnim@gmail.com
Generated Name: Dr. Prachi Swarnim
Today Start (UTC): 2026-01-06 00:00:00+05:30
Today End (UTC): 2026-01-07 00:00:00+05:30
--- DENTIST UPCOMING DEBUG ---
Email: prachi.swarnim@gmail.com
Generated Name: Dr. Prachi Swarnim
Today Start (UTC): 2026-01-06 00:00:00+05:30
Today End (UTC): 2026-01-07 00:00:00+05:30
--- DENTIST UPCOMING DEBUG ---
Email: prachi.swarnim@gmail.com
Generated Name: Dr. Prachi Swarnim
Today Start (UTC): 2026-01-06 00:00:00+05:30
Today End (UTC): 2026-01-07 00:00:00+05:30
--- DENTIST UPCOMING DEBUG ---
Email: prachi.swarnim@gmail.com
Generated Name: Dr. Prachi Swarnim
Today Start (UTC): 2026-01-06 00:00:00+05:30
Today End (UTC): 2026-01-07 00:00:00+05:30
--- DENTIST UPCOMING DEBUG ---
Email: prachi.swarnim@gmail.com
Generated Name: Dr. Prachi Swarnim
Today Start (UTC): 2026-01-06 00:00:00+05:30
Today End (UTC): 2026-01-07 00:00:00+05:30
--- DENTIST UPCOMING DEBUG ---
Email: prachi.swarnim@gmail.com
Generated Name: Dr. Prachi Swarnim
Today Start (UTC): 2026-01-06 00:00:00+05:30
Today End (UTC): 2026-01-07 00:00:00+05:30
--- DENTIST UPCOMING DEBUG ---
Email: prachi.swarnim@gmail.com
Generated Name: Dr. Prachi Swarnim
Today Start (UTC): 2026-01-06 00:00:00+05:30
Today End (UTC): 2026-01-07 00:00:00+05:30
--- DENTIST UPCOMING DEBUG ---
Email: prachi.swarnim@gmail.com
Generated Name: Dr. Prachi Swarnim
Today Start (UTC): 2026-01-06 00:00:00+05:30
Today End (UTC): 2026-01-07 00:00:00+05:30
--- DENTIST UPCOMING DEBUG ---
Email: prachi.swarnim@gmail.com
Generated Name: Dr. Prachi Swarnim
Today Start (UTC): 2026-01-06 00:00:00+05:30
Today End (UTC): 2026-01-07 00:00:00+05:30
--- DENTIST UPCOMING DEBUG ---
Email: prachi.swarnim@gmail.com
Generated Name: Dr. Prachi Swarnim
Today Start (UTC): 2026-01-06 00:00:00+05:30
Today End (UTC): 2026-01-07 00:00:00+05:30
--- DENTIST UPCOMING DEBUG ---
Email: prachi.swarnim@gmail.com
Generated Name: Dr. Prachi Swarnim
Today Start (UTC): 2026-01-06 00:00:00+05:30
Today End (UTC): 2026-01-07 00:00:00+05:30
--- DENTIST UPCOMING DEBUG ---
Email: prachi.swarnim@gmail.com
Generated Name: Dr. Prachi Swarnim
Today Start (UTC): 2026-01-06 00:00:00+05:30
Today End (UTC): 2026-01-07 00:00:00+05:30
--- DENTIST UPCOMING DEBUG ---
Email: prachi.swarnim@gmail.com
Generated Name: Dr. Prachi Swarnim
Today Start (UTC): 2026-01-06 00:00:00+05:30
Today End (UTC): 2026-01-07 00:00:00+05:30
--- DENTIST UPCOMING DEBUG ---
Email: prachi.swarnim@gmail.com
Generated Name: Dr. Prachi Swarnim
Today Start (UTC): 2026-01-06 00:00:00+05:30
Today End (UTC): 2026-01-07 00:00:00+05:30
--- DENTIST UPCOMING DEBUG ---
Email: prachi.swarnim@gmail.com
Generated Name: Dr. Prachi Swarnim
Today Start (UTC): 2026-01-06 00:00:00+05:30
Today End (UTC): 2026-01-07 00:00:00+05:30
--- DENTIST UPCOMING DEBUG ---
Email: prachi.swarnim@gmail.com
Generated Name: Dr. Prachi Swarnim
Today Start (UTC): 2026-01-06 00:00:00+05:30
Today End (UTC): 2026-01-07 00:00:00+05:30
--- DENTIST UPCOMING DEBUG ---
Email: prachi.swarnim@gmail.com
Generated Name: Dr. Prachi Swarnim
Today Start (UTC): 2026-01-06 00:00:00+05:30
Today End (UTC): 2026-01-07 00:00:00+05:30
--- DENTIST UPCOMING DEBUG ---
Email: prachi.swarnim@gmail.com
Generated Name: Dr. Prachi Swarnim
Today Start (UTC): 2026-01-06 00:00:00+05:30
Today End (UTC): 2026-01-07 00:00:00+05:30
--- DENTIST UPCOMING DEBUG ---
Email: prachi.swarnim@gmail.com
Generated Name: Dr. Prachi Swarnim
Today Start (UTC): 2026-01-06 00:00:00+05:30
Today End (UTC): 2026-01-07 00:00:00+05:30
--- DENTIST UPCOMING DEBUG ---
Email: prachi.swarnim@gmail.com
Generated Name: Dr. Prachi Swarnim
Today Start (UTC): 2026-01-06 00:00:00+05:30
Today End (UTC): 2026-01-07 00:00:00+05:30
--- DENTIST UPCOMING DEBUG ---
Email: prachi.swarnim@gmail.com
Generated Name: Dr. Prachi Swarnim
Today Start (UTC): 2026-01-06 00:00:00+05:30
Today End (UTC): 2026-01-07 00:00:00+05:30
--- DENTIST UPCOMING DEBUG ---
Email: prachi.swarnim@gmail.com
Generated Name: Dr. Prachi Swarnim
Today Start (UTC): 2026-01-09 00:00:00+05:30
Today End (UTC): 2026-01-10 00:00:00+05:30
--- DENTIST UPCOMING DEBUG ---
Email: prachi.swarnim@gmail.com
Generated Name: Dr. Prachi Swarnim
Today Start (UTC): 2026-01-09 00:00:00+05:30
Today End (UTC): 2026-01-10 00:00:00+05:30
--- DENTIST UPCOMING DEBUG ---
Email: prachi.swarnim@gmail.com
Generated Name: Dr. Prachi Swarnim
Today Start (UTC): 2026-01-09 00:00:00+05:30
Today End (UTC): 2026-01-10 00:00:00+05:30
--- DENTIST UPCOMING DEBUG ---
Email: prachi.swarnim@gmail.com
Generated Name: Dr. Prachi Swarnim
Today Start (UTC): 2026-01-09 00:00:00+05:30
Today End (UTC): 2026-01-10 00:00:00+05:30
--- DENTIST UPCOMING DEBUG ---
Email: prachi.swarnim@gmail.com
Generated Name: Dr. Prachi Swarnim
Today Start (UTC): 2026-01-09 00:00:00+05:30
Today End (UTC): 2026-01-10 00:00:00+05:30
--- DENTIST UPCOMING DEBUG ---
Email: prachi.swarnim@gmail.com
Generated Name: Dr. Prachi Swarnim
Today Start (UTC): 2026-01-09 00:00:00+05:30
Today End (UTC): 2026-01-10 00:00:00+05:30
--- DENTIST UPCOMING DEBUG ---
Email: prachi.swarnim@gmail.com
Generated Name: Dr. Prachi Swarnim
Today Start (UTC): 2026-01-09 00:00:00+05:30
Today End (UTC): 2026-01-10 00:00:00+05:30
--- DENTIST UPCOMING DEBUG ---
Email: prachi.swarnim@gmail.com
Generated Name: Dr. Prachi Swarnim
Today Start (UTC): 2026-01-09 00:00:00+05:30
Today End (UTC): 2026-01-10 00:00:00+05:30
--- DENTIST UPCOMING DEBUG ---
Email: prachi.swarnim@gmail.com
Generated Name: Dr. Prachi Swarnim
Today Start (UTC): 2026-01-09 00:00:00+05:30
Today End (UTC): 2026-01-10 00:00:00+05:30
--- DENTIST UPCOMING DEBUG ---
Email: prachi.swarnim@gmail.com
Generated Name: Dr. Prachi Swarnim
Today Start (UTC): 2026-01-09 00:00:00+05:30
Today End (UTC): 2026-01-10 00:00:00+05:30
--- DENTIST UPCOMING DEBUG ---
Email: prachi.swarnim@gmail.com
Generated Name: Dr. Prachi Swarnim
Today Start (UTC): 2026-01-09 00:00:00+05:30
Today End (UTC): 2026-01-10 00:00:00+05:30
--- DENTIST UPCOMING DEBUG ---
Email: prachi.swarnim@gmail.com
Generated Name: Dr. Prachi Swarnim
Today Start (UTC): 2026-01-09 00:00:00+05:30
Today End (UTC): 2026-01-10 00:00:00+05:30
--- DENTIST UPCOMING DEBUG ---
Email: prachi.swarnim@gmail.com
Generated Name: Dr. Prachi Swarnim
Today Start (UTC): 2026-01-09 00:00:00+05:30
Today End (UTC): 2026-01-10 00:00:00+05:30
--- DENTIST UPCOMING DEBUG ---
Email: prachi.swarnim@gmail.com
Generated Name: Dr. Prachi Swarnim
Today Start (UTC): 2026-01-09 00:00:00+05:30
Today End (UTC): 2026-01-10 00:00:00+05:30
--- DENTIST UPCOMING DEBUG ---
Email: prachi.swarnim@gmail.com
Generated Name: Dr. Prachi Swarnim
Today Start (UTC): 2026-01-09 00:00:00+05:30
Today End (UTC): 2026-01-10 00:00:00+05:30
--- DENTIST UPCOMING DEBUG ---
Email: prachi.swarnim@gmail.com
Generated Name: Dr. Prachi Swarnim
Today Start (UTC): 2026-01-09 00:00:00+05:30
Today End (UTC): 2026-01-10 00:00:00+05:30
--- DENTIST UPCOMING DEBUG ---
Email: prachi.swarnim@gmail.com
Generated Name: Dr. Prachi Swarnim
Today Start (UTC): 2026-01-09 00:00:00+05:30
Today End (UTC): 2026-01-10 00:00:00+05:30
--- DENTIST UPCOMING DEBUG ---
Email: prachi.swarnim@gmail.com
Generated Name: Dr. Prachi Swarnim
Today Start (UTC): 2026-01-09 00:00:00+05:30
Today End (UTC): 2026-01-10 00:00:00+05:30
--- DENTIST UPCOMING DEBUG ---
Email: prachi.swarnim@gmail.com
Generated Name: Dr. Prachi Swarnim
Today Start (UTC): 2026-01-09 00:00:00+05:30
Today End (UTC): 2026-01-10 00:00:00+05:30
--- DENTIST UPCOMING DEBUG ---
Email: prachi.swarnim@gmail.com
Generated Name: Dr. Prachi Swarnim
Today Start (UTC): 2026-01-09 00:00:00+05:30
Today End (UTC): 2026-01-10 00:00:00+05:30
--- DENTIST UPCOMING DEBUG ---
Email: prachi.swarnim@gmail.com
Generated Name: Dr. Prachi Swarnim
Today Start (UTC): 2026-01-09 00:00:00+05:30
Today End (UTC): 2026-01-10 00:00:00+05:30
--- DENTIST UPCOMING DEBUG ---
Email: prachi.swarnim@gmail.com
Generated Name: Dr. Prachi Swarnim
Today Start (UTC): 2026-01-09 00:00:00+05:30
Today End (UTC): 2026-01-10 00:00:00+05:30
--- DENTIST UPCOMING DEBUG ---
Email: prachi.swarnim@gmail.com
Generated Name: Dr. Prachi Swarnim
Today Start (UTC): 2026-01-09 00:00:00+05:30
Today End (UTC): 2026-01-10 00:00:00+05:30
--- DENTIST UPCOMING DEBUG ---
Email: prachi.swarnim@gmail.com
Generated Name: Dr. Prachi Swarnim
Today Start (UTC): 2026-01-09 00:00:00+05:30
Today End (UTC): 2026-01-10 00:00:00+05:30
--- DENTIST UPCOMING DEBUG ---
Email: prachi.swarnim@gmail.com
Generated Name: Dr. Prachi Swarnim
Today Start (UTC): 2026-01-09 00:00:00+05:30
Today End (UTC): 2026-01-10 00:00:00+05:30
--- DENTIST UPCOMING DEBUG ---
Email: prachi.swarnim@gmail.com
Generated Name: Dr. Prachi Swarnim
Today Start (UTC): 2026-01-09 00:00:00+05:30
Today End (UTC): 2026-01-10 00:00:00+05:30
--- DENTIST UPCOMING DEBUG ---
Email: prachi.swarnim@gmail.com
Generated Name: Dr. Prachi Swarnim
Today Start (UTC): 2026-01-09 00:00:00+05:30
Today End (UTC): 2026-01-10 00:00:00+05:30
--- DENTIST UPCOMING DEBUG ---
Email: prachi.swarnim@gmail.com
Generated Name: Dr. Prachi Swarnim
Today Start (UTC): 2026-01-09 00:00:00+05:30
Today End (UTC): 2026-01-10 00:00:00+05:30
--- DENTIST UPCOMING DEBUG ---
Email: prachi.swarnim@gmail.com
Generated Name: Dr. Prachi Swarnim
Today Start (UTC): 2026-01-09 00:00:00+05:30
Today End (UTC): 2026-01-10 00:00:00+05:30
--- DENTIST UPCOMING DEBUG ---
Email: prachi.swarnim@gmail.com
Generated Name: Dr. Prachi Swarnim
Today Start (UTC): 2026-01-09 00:00:00+05:30
Today End (UTC): 2026-01-10 00:00:00+05:30
--- DENTIST UPCOMING DEBUG ---
Email: prachi.swarnim@gmail.com
Generated Name: Dr. Prachi Swarnim
Today Start (UTC): 2026-01-09 00:00:00+05:30
Today End (UTC): 2026-01-10 00:00:00+05:30
--- DENTIST UPCOMING DEBUG ---
Email: prachi.swarnim@gmail.com
Generated Name: Dr. Prachi Swarnim
Today Start (UTC): 2026-01-09 00:00:00+05:30
Today End (UTC): 2026-01-10 00:00:00+05:30
--- DENTIST UPCOMING DEBUG ---
Email: prachi.swarnim@gmail.com
Generated Name: Dr. Prachi Swarnim
Today Start (UTC): 2026-01-12 00:00:00+05:30
Today End (UTC): 2026-01-13 00:00:00+05:30
--- DENTIST UPCOMING DEBUG ---
Email: prachi.swarnim@gmail.com
Generated Name: Dr. Prachi Swarnim
Today Start (UTC): 2026-01-12 00:00:00+05:30
Today End (UTC): 2026-01-13 00:00:00+05:30
--- DENTIST UPCOMING DEBUG ---
Email: prachi.swarnim@gmail.com
Generated Name: Dr. Prachi Swarnim
Today Start (UTC): 2026-01-12 00:00:00+05:30
Today End (UTC): 2026-01-13 00:00:00+05:30
--- DENTIST UPCOMING DEBUG ---
Email: prachi.swarnim@gmail.com
Generated Name: Dr. Prachi Swarnim
Today Start (UTC): 2026-01-12 00:00:00+05:30
Today End (UTC): 2026-01-13 00:00:00+05:30
--- DENTIST UPCOMING DEBUG ---
Email: prachi.swarnim@gmail.com
Generated Name: Dr. Prachi Swarnim
Today Start (UTC): 2026-01-12 00:00:00+05:30
Today End (UTC): 2026-01-13 00:00:00+05:30
--- DENTIST UPCOMING DEBUG ---
Email: prachi.swarnim@gmail.com
Generated Name: Dr. Prachi Swarnim
Today Start (UTC): 2026-01-12 00:00:00+05:30
Today End (UTC): 2026-01-13 00:00:00+05:30
